<?xml version="1.0" encoding="utf-8"?><testsuites><testsuite name="pytest" errors="0" failures="0" skipped="0" tests="5" time="9.921" timestamp="2023-02-28T09:42:48.652016" hostname="BISMA-LATIF"><testcase classname="Tests.sportscar.body.test_body.bodyTests" name="test_body_func_as_expected" time="2.704" /><testcase classname="Tests.sportscar.body.test_body.bodyTests" name="test_body2_func_as_expected" time="0.003" /><testcase classname="Tests.sportscar.body.test_body.bodyTests" name="test_body3_func_as_expected" time="0.003" /><testcase classname="Tests.sportscar.engine.test_engine" name="test_engine_func_as_expected" time="2.912" /><testcase classname="Tests.sportscar.entertainment.test_entertainement" name="test_entertainment_func_as_expected" time="0.004" /></testsuite></testsuites>